src/modules/journal/repositories/journal.repository.ts(4,15): error TS2395: Individual declarations in merged declaration 'JournalRepository' must be all exported or all local.
src/modules/journal/repositories/journal.repository.ts(4,15): error TS2440: Import declaration conflicts with local declaration of 'JournalRepository'.
src/modules/journal/repositories/journal.repository.ts(9,14): error TS2395: Individual declarations in merged declaration 'JournalRepository' must be all exported or all local.
src/modules/parser/services/parser.service.ts(32,31): error TS2339: Property 'fileService' does not exist on type 'ParserService'.
src/modules/parser/services/parser.service.ts(45,33): error TS2339: Property 'fileService' does not exist on type 'ParserService'.
src/modules/tools/execution/controllers/tool-execution.controller.ts(11,34): error TS2554: Expected 2 arguments, but got 1.
src/modules/tools/execution/controllers/tool-execution.controller.ts(16,34): error TS2554: Expected 2 arguments, but got 1.
src/modules/tools/execution/controllers/tool-execution.controller.ts(21,34): error TS2554: Expected 2 arguments, but got 1.
src/modules/tools/execution/controllers/tool-execution.controller.ts(26,34): error TS2554: Expected 2 arguments, but got 1.
src/modules/vector-search/repositories/vector-search.repository.ts(49,5): error TS2322: Type '({ chunk: { id: string; content: string; metadata: JsonValue; chunkIndex: number; }; } & { id: string; userId: string; createdAt: Date; updatedAt: Date; embedding: JsonValue; ... 8 more ...; chunkId: string; })[]' is not assignable to type '{ id: string; chunkId: string; userId: string; fileId: string; documentId: string; embedding: number[]; provider: string; model: string; dimensions: number; chunk: { id: string; content: string; chunkIndex: number; metadata: Record<...>; }; }[]'.
  Type '{ chunk: { id: string; content: string; metadata: JsonValue; chunkIndex: number; }; } & { id: string; userId: string; createdAt: Date; updatedAt: Date; embedding: JsonValue; ... 8 more ...; chunkId: string; }' is not assignable to type '{ id: string; chunkId: string; userId: string; fileId: string; documentId: string; embedding: number[]; provider: string; model: string; dimensions: number; chunk: { id: string; content: string; chunkIndex: number; metadata: Record<...>; }; }'.
    Types of property 'embedding' are incompatible.
      Type 'JsonValue' is not assignable to type 'number[]'.
        Type 'null' is not assignable to type 'number[]'.
src/modules/vector-search/services/vector-search.service.ts(51,9): error TS2322: Type 'SearchFilters' is not assignable to type 'Record<string, unknown>'.
  Index signature for type 'string' is missing in type 'SearchFilters'.
src/modules/vector-search/services/vector-search.service.ts(116,16): error TS2352: Conversion of type 'SearchFilters | undefined' to type 'Record<string, unknown>' may be a mistake because neither type sufficiently overlaps with the other. If this was intentional, convert the expression to 'unknown' first.
  Type 'SearchFilters' is not comparable to type 'Record<string, unknown>'.
    Index signature for type 'string' is missing in type 'SearchFilters'.
src/modules/vector-search/services/vector-search.service.ts(131,9): error TS2322: Type 'SearchFilters' is not assignable to type 'Record<string, unknown>'.
  Index signature for type 'string' is missing in type 'SearchFilters'.
